\BOOKMARK [1][]{section.1}{\376\377\116\000\060\001\000\040\225\356\230\230\221\315\217\360}{}% 1
\BOOKMARK [1][]{section.2}{\376\377\116\214\060\001\000\040\225\356\230\230\122\006\147\220}{}% 2
\BOOKMARK [1][]{section.3}{\376\377\116\011\060\001\000\040\152\041\127\213\120\107\213\276}{}% 3
\BOOKMARK [1][]{section.4}{\376\377\126\333\060\001\000\040\173\046\123\367\213\364\146\016}{}% 4
\BOOKMARK [1][]{section.5}{\376\377\116\224\060\001\000\040\145\160\143\156\145\164\164\006\116\016\230\204\131\004\164\006}{}% 5
\BOOKMARK [2][]{subsection.5.1}{\376\377\0005\000.\0001\000\040\145\160\143\156\147\145\156\220\116\016\176\323\147\204}{section.5}% 6
\BOOKMARK [2][]{subsection.5.2}{\376\377\0005\000.\0002\000\040\121\163\225\056\143\320\123\326\116\016\156\005\155\027}{section.5}% 7
\BOOKMARK [1][]{section.6}{\376\377\121\155\060\001\000\040\225\356\230\230\116\000\377\032\133\377\124\175\122\006\136\003\176\337\213\241\116\016\121\170\127\213\173\126\165\145\122\006\147\220}{}% 8
\BOOKMARK [2][]{subsection.6.1}{\376\377\0006\000.\0001\000\040\133\377\124\175\122\006\136\003\176\337\213\241}{section.6}% 9
\BOOKMARK [2][]{subsection.6.2}{\376\377\0006\000.\0002\000\040\121\170\127\213\225\177\133\377\124\175\116\016\167\355\133\377\124\175\173\126\165\145\213\306\122\053}{section.6}% 10
\BOOKMARK [2][]{subsection.6.3}{\376\377\0006\000.\0003\000\040\135\356\137\002\147\072\164\006\211\343\221\312}{section.6}% 11
\BOOKMARK [1][]{section.7}{\376\377\116\003\060\001\000\040\225\356\230\230\116\214\377\032\121\105\165\065\173\126\165\145\123\302\145\160\133\371\133\377\124\175\210\160\121\317\137\161\124\315\166\204\221\317\123\026\152\041\127\213}{}% 12
\BOOKMARK [2][]{subsection.7.1}{\376\377\0007\000.\0001\000\040\131\032\123\330\221\317\126\336\137\122\152\041\127\213}{section.7}% 13
\BOOKMARK [2][]{subsection.7.2}{\376\377\0007\000.\0002\000\040\124\004\126\340\175\040\215\041\163\056\143\222\136\217\116\016\120\117\166\370\121\163\122\006\147\220}{section.7}% 14
\BOOKMARK [2][]{subsection.7.3}{\376\377\0007\000.\0003\000\040\116\015\124\014\000\040\000S\000O\000C\000\040\123\072\225\364\232\330\120\015\163\207\137\161\124\315\166\204\135\356\137\002\377\010\122\102\221\317\152\041\127\213\377\011}{section.7}% 15
\BOOKMARK [2][]{subsection.7.4}{\376\377\0007\000.\0004\000\040\116\244\116\222\117\134\165\050\122\006\147\220}{section.7}% 16
\BOOKMARK [2][]{subsection.7.5}{\376\377\0007\000.\0005\000\040\142\171\153\041\121\205\172\063\120\145\140\047}{section.7}% 17
\BOOKMARK [1][]{section.8}{\376\377\121\153\060\001\000\040\225\356\230\230\116\011\377\032\127\372\116\216\145\351\147\037\137\252\163\257\145\160\143\156\166\204\133\377\124\175\230\204\155\113\152\041\127\213}{}% 18
\BOOKMARK [2][]{subsection.8.1}{\376\377\0008\000.\0001\000\040\162\171\137\201\143\320\123\326}{section.8}% 19
\BOOKMARK [2][]{subsection.8.2}{\376\377\0008\000.\0002\000\040\230\204\155\113\152\041\127\213\116\016\213\304\117\060\145\271\154\325}{section.8}% 20
\BOOKMARK [2][]{subsection.8.3}{\376\377\0008\000.\0003\000\040\116\015\124\014\145\351\147\037\172\227\123\343\225\177\136\246\166\204\137\161\124\315}{section.8}% 21
\BOOKMARK [2][]{subsection.8.4}{\376\377\0008\000.\0004\000\040\162\171\137\201\221\315\211\201\140\047\122\006\147\220\116\016\155\210\207\215\133\236\232\214}{section.8}% 22
\BOOKMARK [2][]{subsection.8.5}{\376\377\0008\000.\0005\000\040\147\052\147\145\000\040\000S\000O\000H\000\040\217\150\217\371\230\204\155\113}{section.8}% 23
\BOOKMARK [1][]{section.9}{\376\377\116\135\060\001\000\040\225\356\230\230\126\333\377\032\121\174\230\176\121\105\165\065\145\366\225\364\116\016\133\377\124\175\210\160\121\317\166\204\173\126\165\145\117\030\123\026\152\041\127\213}{}% 24
\BOOKMARK [2][]{subsection.9.1}{\376\377\0009\000.\0001\000\040\121\105\165\065\145\366\225\364\152\041\127\213}{section.9}% 25
\BOOKMARK [2][]{subsection.9.2}{\376\377\0009\000.\0002\000\040\133\377\124\175\040\023\173\126\165\145\124\315\136\224\227\142}{section.9}% 26
\BOOKMARK [2][]{subsection.9.3}{\376\377\0009\000.\0003\000\040\131\032\166\356\150\007\117\030\123\026\116\016\000\040\000P\000a\000r\000e\000t\000o\000\040\122\115\154\277}{section.9}% 27
\BOOKMARK [2][]{subsection.9.4}{\376\377\0009\000.\0004\000\040\143\250\203\120\173\126\165\145\116\016\133\371\153\324}{section.9}% 28
\BOOKMARK [2][]{subsection.9.5}{\376\377\0009\000.\0005\000\040\124\010\164\006\140\047\060\001\220\002\165\050\203\003\126\364\116\016\131\026\143\250\230\316\226\151}{section.9}% 29
\BOOKMARK [1][]{section.10}{\376\377\123\101\060\001\000\040\152\041\127\213\166\204\150\300\232\214\116\016\160\165\145\117\136\246\122\006\147\220}{}% 30
\BOOKMARK [2][]{subsection.10.1}{\376\377\0001\0000\000.\0001\000\040\133\377\124\175\152\041\127\213\116\244\123\311\232\214\213\301}{section.10}% 31
\BOOKMARK [2][]{subsection.10.2}{\376\377\0001\0000\000.\0002\000\040\165\131\116\000\142\171\153\041\131\026\143\250\150\300\232\214}{section.10}% 32
\BOOKMARK [2][]{subsection.10.3}{\376\377\0001\0000\000.\0003\000\040\143\250\203\120\173\126\165\145\160\165\145\117\136\246\122\006\147\220}{section.10}% 33
\BOOKMARK [1][]{section.11}{\376\377\123\101\116\000\060\001\000\040\152\041\127\213\213\304\116\367\060\001\145\071\217\333\116\016\143\250\136\177}{}% 34
\BOOKMARK [2][]{subsection.11.1}{\376\377\0001\0001\000.\0001\000\040\152\041\127\213\117\030\160\271}{section.11}% 35
\BOOKMARK [2][]{subsection.11.2}{\376\377\0001\0001\000.\0002\000\040\152\041\127\213\116\015\215\263\116\016\145\071\217\333}{section.11}% 36
\BOOKMARK [2][]{subsection.11.3}{\376\377\0001\0001\000.\0003\000\040\152\041\127\213\143\250\136\177}{section.11}% 37
\BOOKMARK [1][]{section.12}{\376\377\123\101\116\214\060\001\000\040\176\323\213\272}{}% 38
\BOOKMARK [1][]{section*.30}{\376\377\123\302\200\003\145\207\163\056}{}% 39
\BOOKMARK [1][]{appendix.a.A}{\376\377\226\104\137\125\000\040\000A\000\040\145\057\144\221\147\120\145\231\145\207\116\366\122\027\210\150}{}% 40
\BOOKMARK [1][]{appendix.a.B}{\376\377\226\104\137\125\000\040\000B\000\040\156\220\172\013\136\217}{}% 41
\BOOKMARK [2][]{subsection.a.B.1}{\376\377\0002\000.\0001\000\040\000d\000a\000t\000a\000\137\000e\000x\000t\000r\000a\000c\000t\000.\000p\000y\000\040\040\024\040\024\000\040\145\160\143\156\143\320\123\326}{appendix.a.B}% 42
\BOOKMARK [2][]{subsection.a.B.2}{\376\377\0002\000.\0002\000\040\000a\000n\000a\000l\000y\000s\000i\000s\0001\000.\000p\000y\000\040\040\024\040\024\000\040\225\356\230\230\116\000\377\032\145\160\143\156\145\164\164\006\116\016\122\035\153\145\122\006\147\220}{appendix.a.B}% 43
\BOOKMARK [2][]{subsection.a.B.3}{\376\377\0002\000.\0003\000\040\000a\000n\000a\000l\000y\000s\000i\000s\0002\000.\000p\000y\000\040\040\024\040\024\000\040\225\356\230\230\116\214\377\032\221\317\123\026\152\041\127\213}{appendix.a.B}% 44
\BOOKMARK [2][]{subsection.a.B.4}{\376\377\0002\000.\0004\000\040\000a\000n\000a\000l\000y\000s\000i\000s\0003\000.\000p\000y\000\040\040\024\040\024\000\040\225\356\230\230\116\011\377\032\133\377\124\175\230\204\155\113\152\041\127\213}{appendix.a.B}% 45
\BOOKMARK [2][]{subsection.a.B.5}{\376\377\0002\000.\0005\000\040\000a\000n\000a\000l\000y\000s\000i\000s\0004\000.\000p\000y\000\040\040\024\040\024\000\040\225\356\230\230\126\333\377\032\173\126\165\145\117\030\123\026}{appendix.a.B}% 46
